single request ok
